base conviction: 31 | stab>=0.9: 6 | stab>=0.7: 11
lens pass rates: {'Quality (Buffett)': 151, 'Durable growth': 249, 'Balance sheet': 287, 'Valuation sanity': 315, 'Earnings momentum': 368, 'Price health': 269, 'Risk': 334, 'Validated model (v2)': 199, 'Classic model (v1)': 249, 'Management & red flags': 450}
        t                  sector                                           sub  cscore   stab  passes  E_cons     fpe    vol  cagr4  roe_yrs  cuts4
17   NVDA  Information Technology                                Semiconductors  92.398  0.984      10   0.190  14.320  0.377  1.000        4    0.0
16   CPAY              Financials     Transaction & Payment Processing Services  90.164  1.000      10   0.119  12.730  0.368  0.097        4    0.0
60    AMP              Financials              Asset Management & Custody Banks  86.841  0.986       9   0.150   9.390  0.263  0.090        4    0.0
119    RL  Consumer Discretionary           Apparel, Accessories & Luxury Goods  84.778  1.000       9   0.112  16.824  0.350  0.080        4    0.0
93    TPR  Consumer Discretionary           Apparel, Accessories & Luxury Goods  82.981  0.780       9   0.148  12.598  0.412  0.063        4    0.0
145   AME             Industrials             Electrical Components & Equipment  78.515  0.976       9   0.084  25.847  0.237  0.064        4    0.0
59   TROW              Financials              Asset Management & Custody Banks  78.425  0.774       9   0.121  10.102  0.241  0.041        4    0.0
62    ADP             Industrials          Human Resource & Employment Services  77.980  0.816      10   0.077  19.637  0.275  0.068        4    0.0
103   SNA             Industrials  Industrial Machinery & Supplies & Components  77.157  0.816       9   0.092  17.188  0.195  0.021        4    0.0
86    EOG                  Energy            Oil & Gas Exploration & Production  76.458  1.000       9   0.064   9.581  0.288 -0.085        4    0.0
96   ABNB  Consumer Discretionary                Hotels, Resorts & Cruise Lines  74.514  0.704       9   0.091  24.470  0.362  0.134        4    0.0
19   NTAP  Information Technology    Technology Hardware, Storage & Peripherals  72.273  0.598       9   0.129  17.736  0.443  0.029        4    0.0
70   PAYX             Industrials          Human Resource & Employment Services  71.949  0.554       9   0.107  15.887  0.297  0.092        4    0.0
176  MSFT  Information Technology                              Systems Software  69.923  0.664      10   0.093  21.031  0.325  0.161        4    0.0
185  IBKR              Financials                Investment Banking & Brokerage  67.346  0.552       9   0.103  28.100  0.396  0.346        4    0.0
180   HIG              Financials                 Property & Casualty Insurance  66.554  0.596       9   0.091   9.189  0.196  0.087        4    0.0
186   ITW             Industrials  Industrial Machinery & Supplies & Components  66.073  0.622       9   0.077  21.934  0.215  0.002        4    0.0
192     V              Financials     Transaction & Payment Processing Services  66.033  0.580       9   0.069  24.525  0.221  0.109        4    0.0
196  ALLE             Industrials                             Building Products  65.850  0.578       9   0.097  15.602  0.273  0.075        4    0.0
26    AIZ              Financials                          Multi-line Insurance  63.503  0.500      10   0.088  11.175  0.224  0.079        3    0.0
5     BMY             Health Care                               Pharmaceuticals  61.127  0.500       9   0.074   9.368  0.276  0.014        3    0.0
114  EBAY  Consumer Discretionary                              Broadline Retail  59.666  0.500       9   0.069  16.058  0.360  0.043        3    0.0
193    CB              Financials                 Property & Casualty Insurance  57.628  0.500      10   0.061  11.505  0.194  0.116        3    0.0
30    TRV              Financials                 Property & Casualty Insurance  54.983  0.500       9   0.032  11.970  0.210  0.098        3    0.0
