Guardian n 17 E 12.1% vol 14.3% beta 0.90 | P15 42% P20 30% P25 21% P50 0.9% P>=0 76% P<=-20 2.1% | median 11.5% 5th -14.6% 95th 38.4% | 2022 -15.6% covid -18.5% conf 78
    {'AIZ': 0.103, 'ADSK': 0.098, 'BKNG': 0.083, 'TROW': 0.077, 'BIIB': 0.072, 'MMM': 0.069, 'VTRS': 0.067, 'NEM': 0.062, 'HAS': 0.059, 'DD': 0.055, 'INCY': 0.052, 'JBHT': 0.051, 'AMP': 0.048, 'BBY': 0.035, 'GEN': 0.025, 'EMR': 0.024, 'NTAP': 0.023}
Balanced n 25 E 13.1% vol 15.1% beta 1.07 | P15 44% P20 34% P25 24% P50 1.4% P>=0 77% P<=-20 2.6% | median 12.6% 5th -15.3% 95th 40.9% | 2022 -18.1% covid -18.2% conf 77
    {'AIZ': 0.092, 'ADSK': 0.066, 'BKNG': 0.062, 'GEN': 0.061, 'MMM': 0.06, 'TROW': 0.059, 'BIIB': 0.052, 'VTRS': 0.046, 'AMP': 0.042, 'NVDA': 0.04, 'JBHT': 0.036, 'GPN': 0.036, 'HPE': 0.036, 'NEM': 0.034, 'DD': 0.032, 'BBY': 0.031, 'INCY': 0.03, 'HAS': 0.03, 'ADI': 0.027, 'SWK': 0.026, 'EXPE': 0.025, 'FIX': 0.022, 'CPAY': 0.02, 'KEYS': 0.019, 'ANET': 0.017}
Hurdle n 27 E 13.7% vol 16.7% beta 1.19 | P15 46% P20 36% P25 27% P50 3.5% P>=0 74% P<=-20 4.1% | median 12.8% 5th -18.3% 95th 46.3% | 2022 -16.4% covid -21.7% conf 75
    {'GEN': 0.068, 'HPE': 0.065, 'FIX': 0.056, 'ADSK': 0.051, 'SWK': 0.048, 'GPN': 0.044, 'BKNG': 0.043, 'EXPE': 0.043, 'VTRS': 0.041, 'IVZ': 0.04, 'BIIB': 0.039, 'BBY': 0.038, 'ADI': 0.037, 'AMP': 0.035, 'DD': 0.035, 'NEM': 0.033, 'NVDA': 0.032, 'INCY': 0.031, 'JBHT': 0.029, 'TROW': 0.029, 'MMM': 0.027, 'FCX': 0.027, 'CPAY': 0.025, 'HAS': 0.024, 'EMR': 0.022, 'KEYS': 0.022, 'ANET': 0.018}
Stretch n 28 E 13.7% vol 17.1% beta 1.23 | P15 46% P20 36% P25 28% P50 3.9% P>=0 74% P<=-20 4.6% | median 12.9% 5th -19.2% 95th 47.2% | 2022 -16.8% covid -22.6% conf 75
    {'FIX': 0.071, 'HPE': 0.061, 'ADSK': 0.052, 'GEN': 0.051, 'SWK': 0.049, 'EXPE': 0.049, 'BKNG': 0.044, 'GPN': 0.043, 'IVZ': 0.039, 'INCY': 0.036, 'FCX': 0.036, 'CPAY': 0.036, 'NVDA': 0.032, 'JBHT': 0.032, 'BIIB': 0.03, 'VTRS': 0.03, 'BBY': 0.029, 'MMM': 0.029, 'AMP': 0.029, 'EMR': 0.029, 'KEYS': 0.027, 'TROW': 0.026, 'DD': 0.026, 'ANET': 0.025, 'NEM': 0.025, 'ADI': 0.025, 'HAS': 0.021, 'NTAP': 0.017}
      rank52                  sector  score2  E_final  conf2  gscore      v3    vol
t                                                                                  
EXPE       1  Consumer Discretionary  84.471    0.185   83.0   0.444  81.470  0.508
HPE        2  Information Technology  75.048    0.197   79.0   0.444  74.815  0.572
GEN        3  Information Technology  71.827    0.193   82.0   0.556  67.740  0.389
CPAY       4              Financials  71.202    0.122   83.0   0.444  71.695  0.368
BMY        5             Health Care  69.567    0.088   93.0   0.667  76.478  0.276
MMM        6             Industrials  67.644    0.110   80.0   0.444  72.146  0.263
INCY       7             Health Care  67.067    0.168   59.0   0.667  71.582  0.331
NVDA       8  Information Technology  66.394    0.221   59.0   0.111  71.617  0.377
BIIB       9             Health Care  66.250    0.212   65.0   0.111  72.774  0.352
ADSK      10  Information Technology  64.471    0.167   89.0   0.667  54.031  0.380
GPN       11              Financials  64.327    0.214   71.0   0.667  66.463  0.406
SWK       12             Industrials  64.135    0.189   73.0   0.111  73.705  0.373
NTAP      13  Information Technology  63.125    0.134   79.0   0.111  71.556  0.443
VTRS      14             Health Care  62.115    0.156   74.0   0.222  72.286  0.319
AIZ       15              Financials  61.106    0.102   91.0   0.556  68.935  0.224
GM        16  Consumer Discretionary  59.231    0.198   66.0   0.000  72.979  0.351
BKNG      17  Consumer Discretionary  58.462    0.205   75.0   0.222  58.330  0.377
NEM       18               Materials  58.365    0.121   69.0  -0.111  78.335  0.497
IVZ       19              Financials  58.125    0.234   59.0   0.000  71.238  0.342
ADI       20  Information Technology  58.077    0.123   77.0   0.222  68.908  0.361
PFE       21             Health Care  57.356    0.079   83.0   0.667  71.062  0.233
HAS       22  Consumer Discretionary  56.154    0.115   91.0   0.444  64.519  0.303
BBY       23  Consumer Discretionary  53.990    0.133   82.0   0.333  65.947  0.385
DD        24             Industrials  52.260    0.112   81.0   0.667  65.182  0.310
ABBV      25             Health Care  51.346    0.100   74.0   0.333  66.523  0.264
REC n 20 E 14.2% (raw 17.7%) vol 16.8% beta 1.16 | P15 46% P20 37% P25 29% P50 4.1% P>=0 75% P<=-10 11% P<=-20 4.0% | 5th -18.1% median 13.0% 95th 47.9% | 2022 -16.5% covid -20.9% mdd10 -27.8% conf 75
{'GEN': 0.082, 'HPE': 0.078, 'FIX': 0.067, 'ADSK': 0.061, 'SWK': 0.057, 'GPN': 0.052, 'BKNG': 0.052, 'EXPE': 0.051, 'VTRS': 0.049, 'IVZ': 0.047, 'BIIB': 0.046, 'BBY': 0.046, 'ADI': 0.045, 'AMP': 0.042, 'DD': 0.041, 'NEM': 0.039, 'NVDA': 0.038, 'INCY': 0.037, 'JBHT': 0.035, 'TROW': 0.035}
                      sector                                           sub   E_sh  conf2  gscore    vol
t                                                                                                      
GEN   Information Technology                              Systems Software  0.152   82.0   0.556  0.389
HPE   Information Technology    Technology Hardware, Storage & Peripherals  0.173   79.0   0.444  0.572
FIX              Industrials                    Construction & Engineering  0.144   78.0   0.000  0.567
SWK              Industrials  Industrial Machinery & Supplies & Components  0.156   73.0   0.111  0.373
ADSK  Information Technology                          Application Software  0.145   89.0   0.667  0.380
GPN               Financials     Transaction & Payment Processing Services  0.160   71.0   0.667  0.406
IVZ               Financials              Asset Management & Custody Banks  0.157   59.0   0.000  0.342
VTRS             Health Care                               Pharmaceuticals  0.127   74.0   0.222  0.319
BKNG  Consumer Discretionary                Hotels, Resorts & Cruise Lines  0.151   75.0   0.222  0.377
BIIB             Health Care                                 Biotechnology  0.116   65.0   0.111  0.352
EXPE  Consumer Discretionary                Hotels, Resorts & Cruise Lines  0.153   83.0   0.444  0.508
AMP               Financials              Asset Management & Custody Banks  0.148   71.0   0.111  0.263
BBY   Consumer Discretionary                 Computer & Electronics Retail  0.125   82.0   0.333  0.385
ADI   Information Technology                                Semiconductors  0.130   77.0   0.222  0.361
INCY             Health Care                                 Biotechnology  0.093   59.0   0.667  0.331
NVDA  Information Technology                                Semiconductors  0.178   59.0   0.111  0.377
NEM                Materials                                          Gold  0.104   69.0  -0.111  0.497
DD               Industrials                      Industrial Conglomerates  0.104   81.0   0.667  0.310
TROW              Financials              Asset Management & Custody Banks  0.128   78.0   0.000  0.241
JBHT             Industrials                   Cargo Ground Transportation  0.137   64.0   0.000  0.407
