{
  "as_of": "2026-09-24",
  "patch_rows": 12,
  "still_missing_scored_stocks": 426,
  "benchmark_repaired": true,
  "beta_status": "Repaired stock and index daily paths",
  "source": "StockAnalysis public historical-price tables viewed through web tool",
  "basis_warning": "Original files unchanged. RL current adjusted history reflects a later dividend; use matching adjustment vintage before any merge. Numerical observations are not raw API payloads.",
  "portfolio_baseline": {
    "daily_weight_reset_vol252": 0.15993923948744004,
    "weekly_weight_reset_vol156": 0.17826633746284876
  },
  "portfolio_repaired": {
    "daily_weight_reset_vol252": 0.15923923212770097,
    "weekly_weight_reset_vol156": 0.17826633746284876
  },
  "scope": "Sep22 repair only. Prior corporate actions, vintage bias, missing November2025 value, delisting returns and historic universe remain unaudited; this is not a validated strategy backtest."
}
NVDA {"ticker": "NVDA", "baseline": {"vol252": 0.37722869111267043, "beta252": 1.9056554616683008, "sma50": 215.436728515625, "sma200": 198.92745330810547, "ret6": 0.3144903468779272, "ret12": 0.27206900563223435, "mdd3y": -0.3688102187763309, "sep22_return": 0.006552863938686704, "sep23_return": -0.014680826154739757}, "repaired": {"vol252": 0.37722869111267043, "beta252": 1.9056588962085288, "sma50": 215.436728515625, "sma200": 198.92745330810547, "ret6": 0.3144903468779272, "ret12": 0.27206900563223435, "mdd3y": -0.3688102187763309, "sep22_return": 0.006552863938686704, "sep23_return": -0.014680826154739757}}
CPAY {"ticker": "CPAY", "baseline": {"vol252": 0.3684938500849455, "beta252": 0.8581430941869257, "sma50": 398.50919860839844, "sma200": 344.2536994934082, "ret6": 0.36530138464108464, "ret12": 0.35138234641153443, "mdd3y": -0.34539851626045237, "sep22_return": 0.0, "sep23_return": -0.005186036836672736}, "repaired": {"vol252": 0.3686574488459526, "beta252": 0.8532775728305597, "sma50": 398.42379858398436, "sma200": 344.23234948730465, "ret6": 0.36530138464108464, "ret12": 0.35138234641153443, "mdd3y": -0.34539851626045237, "sep22_return": -0.010749713527971716, "sep23_return": 0.005624134526299507}}
AMP {"ticker": "AMP", "baseline": {"vol252": 0.2631503742747253, "beta252": 0.8193299981512214, "sma50": 547.50193359375, "sma200": 490.70830810546875, "ret6": 0.08990973108823597, "ret12": -0.0006075290221780882, "mdd3y": -0.2638998371463659, "sep22_return": 0.0, "sep23_return": -0.061468610391699596}, "repaired": {"vol252": 0.2602175479706698, "beta252": 0.800081618215611, "sma50": 547.0349341796875, "sma200": 490.5915582519531, "ret6": 0.08990973108823597, "ret12": -0.0006075290221780882, "mdd3y": -0.2638998371463659, "sep22_return": -0.04358614944385686, "sep23_return": -0.018697409011218746}}
RL {"ticker": "RL", "baseline": {"vol252": 0.3503301321510068, "beta252": 1.2674992464597874, "sma50": 365.5982012939453, "sma200": 364.31977142333983, "ret6": 0.0600883726635022, "ret12": 0.13988470600168834, "mdd3y": -0.36175427356283907, "sep22_return": 0.0, "sep23_return": -0.006915443625641227}, "repaired": {"vol252": 0.3516242407951303, "beta252": 1.275549801714953, "sma50": 365.7230011474609, "sma200": 364.35097138671875, "ret6": 0.0600883726635022, "ret12": 0.13988470600168834, "mdd3y": -0.36175427356283907, "sep22_return": 0.01836264063707027, "sep23_return": -0.024822281625431653}}
AME {"ticker": "AME", "baseline": {"vol252": 0.23696928473058834, "beta252": 0.9427989436753789, "sma50": 241.92705963134765, "sma200": 228.11074882507324, "ret6": 0.17497992113772654, "ret12": 0.3388588714685048, "mdd3y": -0.23041221478756957, "sep22_return": 0.0, "sep23_return": 0.021639105058057995}, "repaired": {"vol252": 0.23665162804898998, "beta252": 0.9506523938175088, "sma50": 242.01065971679688, "sma200": 228.13164884643555, "ret6": 0.17497992113772654, "ret12": 0.3388588714685048, "mdd3y": -0.23041221478756957, "sep22_return": 0.017327879395156565, "sep23_return": 0.004237793685025748}}
SNA {"ticker": "SNA", "baseline": {"vol252": 0.1951561604808223, "beta252": 0.5571935614305745, "sma50": 393.5848992919922, "sma200": 374.7971195983887, "ret6": 0.02905134187835645, "ret12": 0.11253570184379535, "mdd3y": -0.20766223916365745, "sep22_return": 0.0, "sep23_return": 0.0013522650439485862}, "repaired": {"vol252": 0.1952751364545961, "beta252": 0.5596828779310892, "sma50": 393.6258992919922, "sma200": 374.8073695983887, "ret6": 0.02905134187835645, "ret12": 0.11253570184379535, "mdd3y": -0.20766223916365745, "sep22_return": 0.005544286680189359, "sep23_return": -0.004168908015061867}}
ABNB {"ticker": "ABNB", "baseline": {"vol252": 0.3616748740742025, "beta252": 1.1242033054668321, "sma50": 167.90380004882812, "sma200": 142.5611248779297, "ret6": 0.15511980932218195, "ret12": 0.2300129764171872, "mdd3y": -0.37156613720898246, "sep22_return": 0.0, "sep23_return": -0.10345237884014546}, "repaired": {"vol252": 0.35597268360527634, "beta252": 1.1117007320768566, "sma50": 167.8032001220703, "sma200": 142.53597489624022, "ret6": 0.15511980932218195, "ret12": 0.2300129764171872, "mdd3y": -0.37156613720898246, "sep22_return": -0.030148624120703515, "sep23_return": -0.07558246195504181}}
NTAP {"ticker": "NTAP", "baseline": {"vol252": 0.44284241005883057, "beta252": 1.308380348310327, "sma50": 186.74460052490235, "sma200": 135.45593147277833, "ret6": 0.9038050043083454, "ret12": 0.6283316370392034, "mdd3y": -0.4260843286526177, "sep22_return": 0.0, "sep23_return": -0.009184921127882939}, "repaired": {"vol252": 0.44389208650284345, "beta252": 1.296251133239651, "sma50": 186.63980064697265, "sma200": 135.4297315032959, "ret6": 0.9038050043083454, "ret12": 0.6283316370392034, "mdd3y": -0.4260843286526177, "sep22_return": -0.026444582679229334, "sep23_return": 0.01772848390987858}}
PAYX {"ticker": "PAYX", "baseline": {"vol252": 0.297190043620669, "beta252": 0.06232716679665915, "sma50": 118.46033721923828, "sma200": 102.5628359222412, "ret6": 0.11088822977415824, "ret12": -0.173115493665849, "mdd3y": -0.4495078303507062, "sep22_return": 0.0, "sep23_return": -0.09147034237943841}, "repaired": {"vol252": 0.29606445029525585, "beta252": 0.06058487508827987, "sma50": 118.45073717651367, "sma200": 102.56043591156005, "ret6": 0.11088822977415824, "ret12": -0.173115493665849, "mdd3y": -0.4495078303507062, "sep22_return": -0.0041735686228567825, "sep23_return": -0.08766263979944533}}
MSFT {"ticker": "MSFT", "baseline": {"vol252": 0.3248179347252996, "beta252": 0.9781674658349234, "sma50": 473.08757873535154, "sma200": 430.4685705566406, "ret6": 0.3660897294582761, "ret12": -0.015923110113775563, "mdd3y": -0.3449839013222916, "sep22_return": -0.007196797226898033, "sep23_return": 0.005200795859218177}, "repaired": {"vol252": 0.3248179347252996, "beta252": 0.9781799657386655, "sma50": 473.08757873535154, "sma200": 430.4685705566406, "ret6": 0.3660897294582761, "ret12": -0.015923110113775563, "mdd3y": -0.3449839013222916, "sep22_return": -0.007196797226898033, "sep23_return": 0.005200795859218177}}
IBKR {"ticker": "IBKR", "baseline": {"vol252": 0.3959455396640428, "beta252": 2.0014424464338285, "sma50": 91.25867034912109, "sma200": 80.5033529472351, "ret6": 0.35940146040354515, "ret12": 0.3993177473062013, "mdd3y": -0.3866281667456628, "sep22_return": 0.0, "sep23_return": -0.017701979852865035}, "repaired": {"vol252": 0.3958219410904694, "beta252": 1.9950484265025925, "sma50": 91.23207036743165, "sma200": 80.49670295181275, "ret6": 0.35940146040354515, "ret12": 0.3993177473062013, "mdd3y": -0.3866281667456628, "sep22_return": -0.014268845590990065, "sep23_return": -0.003482830228626943}}
HIG {"ticker": "HIG", "baseline": {"vol252": 0.19634590840589214, "beta252": -0.07074962792217128, "sma50": 137.7882794189453, "sma200": 135.0641135406494, "ret6": -0.059678296877101134, "ret12": -0.02963292548847196, "mdd3y": -0.13722145985489953, "sep22_return": 0.0, "sep23_return": -0.0316683203927951}, "repaired": {"vol252": 0.19508268842503562, "beta252": -0.07752835837757828, "sma50": 137.74827950439453, "sma200": 135.0541135620117, "ret6": -0.059678296877101134, "ret12": -0.02963292548847196, "mdd3y": -0.13722145985489953, "sep22_return": -0.015298675077656698, "sep23_return": -0.016623970031145574}}
ALLE {"ticker": "ALLE", "baseline": {"vol252": 0.27292915327171663, "beta252": 0.5384714867349814, "sma50": 156.15039947509766, "sma200": 149.3507678604126, "ret6": 0.05392977906973195, "ret12": -0.12037165243932013, "mdd3y": -0.29840564718956697, "sep22_return": 0.0, "sep23_return": 0.018036441044731122}, "repaired": {"vol252": 0.2728708513129194, "beta252": 0.5461948661089454, "sma50": 156.20219946289063, "sma200": 149.36371785736085, "ret6": 0.05392977906973195, "ret12": -0.12037165243932013, "mdd3y": -0.29840564718956697, "sep22_return": 0.01711151809728051, "sep23_return": 0.0009093623766849301}}
AIZ {"ticker": "AIZ", "baseline": {"vol252": 0.2242190718646084, "beta252": 0.16163040958134173, "sma50": 281.0438836669922, "sma200": 247.90811027526854, "ret6": 0.21231979983776172, "ret12": 0.23456446947539744, "mdd3y": -0.2082970630782225, "sep22_return": 0.0, "sep23_return": -0.03752975513324186}, "repaired": {"vol252": 0.22273186470884238, "beta252": 0.15155667342537094, "sma50": 280.9178835693359, "sma200": 247.8766102508545, "ret6": 0.21231979983776172, "ret12": 0.23456446947539744, "mdd3y": -0.2082970630782225, "sep22_return": -0.022712541538364106, "sep23_return": -0.015161571415437725}}
